BEGIN
CREATE EXTENSION
CREATE SCHEMA
CREATE TABLE
COPY 100000
CREATE TABLE
COPY 100
CREATE INDEX
ANALYZE
COMMIT
                                                           version                                                           |                                                                                                                                                                   postgis_full_version                                                                                                                                                                    
-----------------------------------------------------------------------------------------------------------------------------+-----------------------------------------------------------------------------------------------------------------------------------------------------------------------------------------------------------------------------------------------------------------------------------------------------------------------------------------------------------
 PostgreSQL 17.5 (Debian 17.5-1.pgdg110+1) on x86_64-pc-linux-gnu, compiled by gcc (Debian 10.2.1-6) 10.2.1 20210110, 64-bit | POSTGIS="3.5.2 dea6d0a" [EXTENSION] PGSQL="170" GEOS="3.9.0-CAPI-1.16.2" PROJ="7.2.1 NETWORK_ENABLED=OFF URL_ENDPOINT=https://cdn.proj.org USER_WRITABLE_DIRECTORY=/var/lib/postgresql/.local/share/proj DATABASE_PATH=/usr/share/proj/proj.db" (compiled against PROJ 7.2.1) LIBXML="2.9.10" LIBJSON="0.15" LIBPROTOBUF="1.3.3" WAGYU="0.5.0 (Internal)"
(1 row)

 point_count 
-------------
      100000
(1 row)

 spherical_radius_metres 
-------------------------
       6371008.771414968
(1 row)

                                                                                                                                QUERY PLAN                                                                                                                                 
---------------------------------------------------------------------------------------------------------------------------------------------------------------------------------------------------------------------------------------------------------------------------
 Gather  (cost=1164.07..56697.50 rows=3 width=8) (actual time=6.425..37.938 rows=2724 loops=1)
   Workers Planned: 1
   Workers Launched: 1
   Buffers: shared hit=1218
   ->  Parallel Bitmap Heap Scan on points  (cost=164.07..55697.20 rows=2 width=8) (actual time=1.429..6.157 rows=1362 loops=2)
         Filter: (st_dwithin(ubicacion, '0101000020E61000003411363CBD4253C09D11A5BDC11728C0'::geography, '5000'::double precision, false) AND (st_distance(ubicacion, '0101000020E61000003411363CBD4253C09D11A5BDC11728C0'::geography, false) < '5000'::double precision))
         Rows Removed by Filter: 476
         Heap Blocks: exact=1167
         Buffers: shared hit=1218
         ->  Bitmap Index Scan on points_location_gist  (cost=0.00..164.07 rows=3689 width=0) (actual time=2.193..2.194 rows=3675 loops=1)
               Index Cond: (ubicacion && _st_expand('0101000020E61000003411363CBD4253C09D11A5BDC11728C0'::geography, '5000'::double precision))
               Buffers: shared hit=51
 Planning:
   Buffers: shared hit=39
 Planning Time: 0.962 ms
 Execution Time: 38.431 ms
(16 rows)

                                                                  QUERY PLAN                                                                  
----------------------------------------------------------------------------------------------------------------------------------------------
 Limit  (cost=0.28..3.82 rows=10 width=16) (actual time=0.248..0.296 rows=10 loops=1)
   Buffers: shared hit=16
   ->  Index Scan using points_location_gist on points  (cost=0.28..35382.28 rows=100000 width=16) (actual time=0.246..0.292 rows=10 loops=1)
         Order By: (ubicacion <-> '0101000020E61000003411363CBD4253C09D11A5BDC11728C0'::geography)
         Buffers: shared hit=16
 Planning:
   Buffers: shared hit=20
 Planning Time: 0.182 ms
 Execution Time: 0.378 ms
(9 rows)

