BEGIN
CREATE EXTENSION
CREATE SCHEMA
CREATE TABLE
COPY 10000
CREATE TABLE
COPY 100
CREATE INDEX
ANALYZE
COMMIT
                                                           version                                                           |                                                                                                                                                                   postgis_full_version                                                                                                                                                                    
-----------------------------------------------------------------------------------------------------------------------------+-----------------------------------------------------------------------------------------------------------------------------------------------------------------------------------------------------------------------------------------------------------------------------------------------------------------------------------------------------------
 PostgreSQL 17.5 (Debian 17.5-1.pgdg110+1) on x86_64-pc-linux-gnu, compiled by gcc (Debian 10.2.1-6) 10.2.1 20210110, 64-bit | POSTGIS="3.5.2 dea6d0a" [EXTENSION] PGSQL="170" GEOS="3.9.0-CAPI-1.16.2" PROJ="7.2.1 NETWORK_ENABLED=OFF URL_ENDPOINT=https://cdn.proj.org USER_WRITABLE_DIRECTORY=/var/lib/postgresql/.local/share/proj DATABASE_PATH=/usr/share/proj/proj.db" (compiled against PROJ 7.2.1) LIBXML="2.9.10" LIBJSON="0.15" LIBPROTOBUF="1.3.3" WAGYU="0.5.0 (Internal)"
(1 row)

 point_count 
-------------
       10000
(1 row)

 spherical_radius_metres 
-------------------------
       6371008.771414968
(1 row)

                                                                                                                             QUERY PLAN                                                                                                                              
---------------------------------------------------------------------------------------------------------------------------------------------------------------------------------------------------------------------------------------------------------------------
 Bitmap Heap Scan on points  (cost=19.04..9416.66 rows=1 width=8) (actual time=0.214..1.323 rows=272 loops=1)
   Filter: (st_dwithin(ubicacion, '0101000020E61000003411363CBD4253C09D11A5BDC11728C0'::geography, '5000'::double precision, false) AND (st_distance(ubicacion, '0101000020E61000003411363CBD4253C09D11A5BDC11728C0'::geography, false) < '5000'::double precision))
   Rows Removed by Filter: 95
   Heap Blocks: exact=118
   Buffers: shared hit=128
   ->  Bitmap Index Scan on points_location_gist  (cost=0.00..19.04 rows=369 width=0) (actual time=0.158..0.159 rows=367 loops=1)
         Index Cond: (ubicacion && _st_expand('0101000020E61000003411363CBD4253C09D11A5BDC11728C0'::geography, '5000'::double precision))
         Buffers: shared hit=10
 Planning:
   Buffers: shared hit=39
 Planning Time: 1.080 ms
 Execution Time: 1.547 ms
(12 rows)

                                                                 QUERY PLAN                                                                 
--------------------------------------------------------------------------------------------------------------------------------------------
 Limit  (cost=0.15..3.85 rows=10 width=16) (actual time=0.196..0.231 rows=10 loops=1)
   Buffers: shared hit=15
   ->  Index Scan using points_location_gist on points  (cost=0.15..3699.15 rows=10000 width=16) (actual time=0.194..0.227 rows=10 loops=1)
         Order By: (ubicacion <-> '0101000020E61000003411363CBD4253C09D11A5BDC11728C0'::geography)
         Buffers: shared hit=15
 Planning:
   Buffers: shared hit=20
 Planning Time: 0.221 ms
 Execution Time: 0.301 ms
(9 rows)

