BEGIN
CREATE EXTENSION
psql:<stdin>:2: NOTICE:  extension "postgis" already exists, skipping
CREATE SCHEMA
CREATE TABLE
COPY 1000
CREATE TABLE
COPY 100
CREATE INDEX
ANALYZE
COMMIT
                                                           version                                                           |                                                                                                                                                                        postgis_full_version                                                                                                                                                                        
-----------------------------------------------------------------------------------------------------------------------------+--------------------------------------------------------------------------------------------------------------------------------------------------------------------------------------------------------------------------------------------------------------------------------------------------------------------------------------------------------------------
 PostgreSQL 17.5 (Debian 17.5-1.pgdg110+1) on x86_64-pc-linux-gnu, compiled by gcc (Debian 10.2.1-6) 10.2.1 20210110, 64-bit | POSTGIS="3.5.2 dea6d0a" [EXTENSION] PGSQL="170" GEOS="3.9.0-CAPI-1.16.2" PROJ="7.2.1 NETWORK_ENABLED=OFF URL_ENDPOINT=https://cdn.proj.org USER_WRITABLE_DIRECTORY=/var/lib/postgresql/.local/share/proj DATABASE_PATH=/usr/share/proj/proj.db" (compiled against PROJ 7.2.1) LIBXML="2.9.10" LIBJSON="0.15" LIBPROTOBUF="1.3.3" WAGYU="0.5.0 (Internal)" TOPOLOGY
(1 row)

 point_count 
-------------
        1000
(1 row)

 spherical_radius_metres 
-------------------------
       6371008.771414968
(1 row)

                                                                                                                             QUERY PLAN                                                                                                                              
---------------------------------------------------------------------------------------------------------------------------------------------------------------------------------------------------------------------------------------------------------------------
 Bitmap Heap Scan on points  (cost=4.53..892.97 rows=1 width=8) (actual time=0.353..0.415 rows=28 loops=1)
   Filter: (st_dwithin(ubicacion, '0101000020E61000003411363CBD4253C09D11A5BDC11728C0'::geography, '5000'::double precision, false) AND (st_distance(ubicacion, '0101000020E61000003411363CBD4253C09D11A5BDC11728C0'::geography, false) < '5000'::double precision))
   Rows Removed by Filter: 7
   Heap Blocks: exact=12
   Buffers: shared hit=17
   ->  Bitmap Index Scan on points_location_gist  (cost=0.00..4.53 rows=35 width=0) (actual time=0.242..0.243 rows=35 loops=1)
         Index Cond: (ubicacion && _st_expand('0101000020E61000003411363CBD4253C09D11A5BDC11728C0'::geography, '5000'::double precision))
         Buffers: shared hit=5
 Planning:
   Buffers: shared hit=33 read=4 dirtied=1
 Planning Time: 12.008 ms
 Execution Time: 0.998 ms
(12 rows)

                                                                QUERY PLAN                                                                
------------------------------------------------------------------------------------------------------------------------------------------
 Limit  (cost=0.14..3.70 rows=10 width=16) (actual time=1.082..1.139 rows=10 loops=1)
   Buffers: shared hit=15
   ->  Index Scan using points_location_gist on points  (cost=0.14..355.64 rows=1000 width=16) (actual time=1.079..1.134 rows=10 loops=1)
         Order By: (ubicacion <-> '0101000020E61000003411363CBD4253C09D11A5BDC11728C0'::geography)
         Buffers: shared hit=15
 Planning:
   Buffers: shared hit=15
 Planning Time: 0.516 ms
 Execution Time: 1.226 ms
(9 rows)

