Collecting uv
  Using cached uv-0.12.23-py3-none-manylinux_2_17_x86_64.manylinux2014_x86_64.whl (20.6 MB)
Installing collected packages: uv
Successfully installed uv-0.12.23
Downloading cpython-3.11.9-linux-x86_64-gnu (download) (20.2MiB)
 Downloaded cpython-3.11.9-linux-x86_64-gnu (download)
Installed Python 3.11.9 in 1.83s
 + cpython-3.11.9-linux-x86_64-gnu (python3.11)
warning: `/home/ian/.local/bin` is not on your PATH. To use installed Python executables, run `export PATH="/home/ian/.local/bin:$PATH"` or `uv python update-shell`.
Using CPython 3.11.9
Creating virtual environment at: /home/ian/.cache/minidbms-audit-20261004/env
Activate with: source /home/ian/.cache/minidbms-audit-20261004/env/bin/activate
Using Python 3.11.9 environment at: /home/ian/.cache/minidbms-audit-20261004/env
Resolved 36 packages in 342ms
   Building mini-dbms @ file:///home/ian/.cache/minidbms-audit-20261004/source
Downloading numpy (16.1MiB)
Downloading pydantic-core (2.0MiB)
Downloading kiwisolver (1.4MiB)
Downloading matplotlib (9.4MiB)
Downloading fonttools (5.2MiB)
Downloading pygments (1.2MiB)
Downloading pillow (6.6MiB)
Downloading playwright (46.0MiB)
 Downloaded pygments
 Downloaded kiwisolver
 Downloaded pydantic-core
 Downloaded fonttools
 Downloaded pillow
 Downloaded matplotlib
 Downloaded numpy
      Built mini-dbms @ file:///home/ian/.cache/minidbms-audit-20261004/source
 Downloaded playwright
Prepared 36 packages in 1.04s
Installed 36 packages in 73ms
 + annotated-doc==0.0.5
 + annotated-types==0.8.0
 + anyio==4.14.2
 + click==8.5.0
 + contourpy==1.3.3
 + cycler==0.12.1
 + fastapi==0.142.2
 + fonttools==4.66.1
 + greenlet==3.5.6
 + h11==0.16.0
 + httpcore2==2.13.1
 + httpx2==2.13.1
 + idna==3.20
 + iniconfig==2.3.0
 + kiwisolver==1.5.1
 + matplotlib==3.11.2
 + mini-dbms==0.1.0 (from file:///home/ian/.cache/minidbms-audit-20261004/source)
 + numpy==2.4.6
 + opentelemetry-api==1.45.0
 + packaging==26.3
 + pillow==12.3.0
 + playwright==1.63.0
 + pluggy==1.6.0
 + pydantic==2.13.5
 + pydantic-core==2.46.5
 + pyee==13.0.1
 + pygments==2.21.0
 + pyparsing==3.3.3
 + pytest==8.4.2
 + python-dateutil==2.9.0.post0
 + six==1.17.0
 + starlette==1.7.0
 + truststore==0.10.4
 + typing-extensions==4.16.0
 + typing-inspection==0.4.4
 + uvicorn==0.54.0

added 105 packages in 3s
npm notice
npm notice New major version of npm available! 10.8.2 -> 12.2.0
npm notice Changelog: https://github.com/npm/cli/releases/tag/v12.2.0
npm notice To update run: npm install -g npm@12.2.0
npm notice
Python 3.11.9
/home/ian/.cache/minidbms-audit-20261004/env/bin/python: No module named pip
{'pytest': '8.4.2', 'fastapi': '0.142.2', 'starlette': '1.7.0', 'uvicorn': '0.54.0', 'httpx2': '2.13.1', 'anyio': '4.14.2', 'matplotlib': '3.11.2', 'playwright': '1.63.0'}
v18.20.5
10.8.2
