scan N=1000 radius:1000: preflight 2 correcto
scan N=1000 radius:1000: 2 tiempos guardados
scan N=1000 radius:5000: preflight 2 correcto
scan N=1000 radius:5000: 2 tiempos guardados
scan N=1000 radius:10000: preflight 2 correcto
scan N=1000 radius:10000: 2 tiempos guardados
scan N=1000 knn:10: preflight 2 correcto
scan N=1000 knn:10: 2 tiempos guardados
scan N=1000 knn:50: preflight 2 correcto
scan N=1000 knn:50: 2 tiempos guardados
scan N=1000 knn:100: preflight 2 correcto
scan N=1000 knn:100: 2 tiempos guardados
rtree N=1000 radius:1000: preflight 2 correcto
rtree N=1000 radius:1000: 2 tiempos guardados
rtree N=1000 radius:5000: preflight 2 correcto
rtree N=1000 radius:5000: 2 tiempos guardados
rtree N=1000 radius:10000: preflight 2 correcto
rtree N=1000 radius:10000: 2 tiempos guardados
rtree N=1000 knn:10: preflight 2 correcto
rtree N=1000 knn:10: 2 tiempos guardados
rtree N=1000 knn:50: preflight 2 correcto
rtree N=1000 knn:50: 2 tiempos guardados
rtree N=1000 knn:100: preflight 2 correcto
rtree N=1000 knn:100: 2 tiempos guardados
gist N=1000 radius:1000: preflight 2 correcto
gist N=1000 radius:1000: 2 tiempos guardados
gist N=1000 radius:5000: preflight 2 correcto
gist N=1000 radius:5000: 2 tiempos guardados
gist N=1000 radius:10000: preflight 2 correcto
gist N=1000 radius:10000: 2 tiempos guardados
gist N=1000 knn:10: preflight 2 correcto
gist N=1000 knn:10: 2 tiempos guardados
gist N=1000 knn:50: preflight 2 correcto
gist N=1000 knn:50: 2 tiempos guardados
gist N=1000 knn:100: preflight 2 correcto
gist N=1000 knn:100: 2 tiempos guardados
N=1000: tres métodos completos
