scan N=1000 radius:1000: preflight 100 correcto
scan N=1000 radius:1000: 100 tiempos guardados
scan N=1000 radius:5000: preflight 100 correcto
scan N=1000 radius:5000: 100 tiempos guardados
scan N=1000 radius:10000: preflight 100 correcto
scan N=1000 radius:10000: 100 tiempos guardados
scan N=1000 knn:10: preflight 100 correcto
scan N=1000 knn:10: 100 tiempos guardados
scan N=1000 knn:50: preflight 100 correcto
scan N=1000 knn:50: 100 tiempos guardados
scan N=1000 knn:100: preflight 100 correcto
scan N=1000 knn:100: 100 tiempos guardados
rtree N=1000 radius:1000: preflight 100 correcto
rtree N=1000 radius:1000: 100 tiempos guardados
rtree N=1000 radius:5000: preflight 100 correcto
rtree N=1000 radius:5000: 100 tiempos guardados
rtree N=1000 radius:10000: preflight 100 correcto
rtree N=1000 radius:10000: 100 tiempos guardados
rtree N=1000 knn:10: preflight 100 correcto
rtree N=1000 knn:10: 100 tiempos guardados
rtree N=1000 knn:50: preflight 100 correcto
rtree N=1000 knn:50: 100 tiempos guardados
rtree N=1000 knn:100: preflight 100 correcto
rtree N=1000 knn:100: 100 tiempos guardados
gist N=1000 radius:1000: preflight 100 correcto
gist N=1000 radius:1000: 100 tiempos guardados
gist N=1000 radius:5000: preflight 100 correcto
gist N=1000 radius:5000: 100 tiempos guardados
gist N=1000 radius:10000: preflight 100 correcto
gist N=1000 radius:10000: 100 tiempos guardados
gist N=1000 knn:10: preflight 100 correcto
gist N=1000 knn:10: 100 tiempos guardados
gist N=1000 knn:50: preflight 100 correcto
gist N=1000 knn:50: 100 tiempos guardados
gist N=1000 knn:100: preflight 100 correcto
gist N=1000 knn:100: 100 tiempos guardados
N=1000: tres métodos completos
scan N=10000 radius:1000: preflight 100 correcto
scan N=10000 radius:1000: 100 tiempos guardados
scan N=10000 radius:5000: preflight 100 correcto
scan N=10000 radius:5000: 100 tiempos guardados
scan N=10000 radius:10000: preflight 100 correcto
scan N=10000 radius:10000: 100 tiempos guardados
scan N=10000 knn:10: preflight 100 correcto
scan N=10000 knn:10: 100 tiempos guardados
scan N=10000 knn:50: preflight 100 correcto
scan N=10000 knn:50: 100 tiempos guardados
scan N=10000 knn:100: preflight 100 correcto
scan N=10000 knn:100: 100 tiempos guardados
rtree N=10000 radius:1000: preflight 100 correcto
rtree N=10000 radius:1000: 100 tiempos guardados
rtree N=10000 radius:5000: preflight 100 correcto
rtree N=10000 radius:5000: 100 tiempos guardados
rtree N=10000 radius:10000: preflight 100 correcto
rtree N=10000 radius:10000: 100 tiempos guardados
rtree N=10000 knn:10: preflight 100 correcto
rtree N=10000 knn:10: 100 tiempos guardados
rtree N=10000 knn:50: preflight 100 correcto
rtree N=10000 knn:50: 100 tiempos guardados
rtree N=10000 knn:100: preflight 100 correcto
rtree N=10000 knn:100: 100 tiempos guardados
gist N=10000 radius:1000: preflight 100 correcto
gist N=10000 radius:1000: 100 tiempos guardados
gist N=10000 radius:5000: preflight 100 correcto
gist N=10000 radius:5000: 100 tiempos guardados
gist N=10000 radius:10000: preflight 100 correcto
gist N=10000 radius:10000: 100 tiempos guardados
gist N=10000 knn:10: preflight 100 correcto
gist N=10000 knn:10: 100 tiempos guardados
gist N=10000 knn:50: preflight 100 correcto
gist N=10000 knn:50: 100 tiempos guardados
gist N=10000 knn:100: preflight 100 correcto
gist N=10000 knn:100: 100 tiempos guardados
N=10000: tres métodos completos
scan N=100000 radius:1000: preflight 100 correcto
scan N=100000 radius:1000: 100 tiempos guardados
scan N=100000 radius:5000: preflight 100 correcto
scan N=100000 radius:5000: 100 tiempos guardados
scan N=100000 radius:10000: preflight 100 correcto
scan N=100000 radius:10000: 100 tiempos guardados
scan N=100000 knn:10: preflight 100 correcto
scan N=100000 knn:10: 100 tiempos guardados
scan N=100000 knn:50: preflight 100 correcto
scan N=100000 knn:50: 100 tiempos guardados
scan N=100000 knn:100: preflight 100 correcto
scan N=100000 knn:100: 100 tiempos guardados
rtree N=100000 radius:1000: preflight 100 correcto
rtree N=100000 radius:1000: 100 tiempos guardados
rtree N=100000 radius:5000: preflight 100 correcto
rtree N=100000 radius:5000: 100 tiempos guardados
rtree N=100000 radius:10000: preflight 100 correcto
rtree N=100000 radius:10000: 100 tiempos guardados
rtree N=100000 knn:10: preflight 100 correcto
rtree N=100000 knn:10: 100 tiempos guardados
rtree N=100000 knn:50: preflight 100 correcto
rtree N=100000 knn:50: 100 tiempos guardados
rtree N=100000 knn:100: preflight 100 correcto
rtree N=100000 knn:100: 100 tiempos guardados
gist N=100000 radius:1000: preflight 100 correcto
gist N=100000 radius:1000: 100 tiempos guardados
gist N=100000 radius:5000: preflight 100 correcto
gist N=100000 radius:5000: 100 tiempos guardados
gist N=100000 radius:10000: preflight 100 correcto
gist N=100000 radius:10000: 100 tiempos guardados
gist N=100000 knn:10: preflight 100 correcto
gist N=100000 knn:10: 100 tiempos guardados
