........................................................................ [  4%]
........................................................................ [  8%]
........................................................................ [ 13%]
........................................................................ [ 17%]
........................................................................ [ 22%]
........................................................................ [ 26%]
........................................................................ [ 30%]
........................................................................ [ 35%]
........................................................................ [ 39%]
........................................................................ [ 44%]
........................................................................ [ 48%]
........................................................................ [ 53%]
........................................................................ [ 57%]
........................................................................ [ 61%]
........................................................................ [ 66%]
........................................................................ [ 70%]
........................................................................ [ 75%]
........................................................................ [ 79%]
........................................................................ [ 83%]
........................................................................ [ 88%]
........................................................................ [ 92%]
........................................................................ [ 97%]
..............................................                           [100%]
- generated xml file: /local-user/.cache/minidbms-implementation-20261004/results/heap.xml -
1630 passed in 59.45s
